Archive member included to satisfy reference by file (symbol)

lib/orangescrt.a(printf.o)    kernel/main.o (printf)
lib/orangescrt.a(vsprintf.o)  kernel/main.o (vsprintf)
lib/orangescrt.a(string.o)    kernel/start.o (memcpy)
lib/orangescrt.a(misc.o)      kernel/main.o (send_recv)
lib/orangescrt.a(open.o)      kernel/main.o (open)
lib/orangescrt.a(read.o)      kernel/main.o (read)
lib/orangescrt.a(write.o)     kernel/main.o (write)
lib/orangescrt.a(close.o)     kernel/main.o (close)
lib/orangescrt.a(getpid.o)    kernel/main.o (getpid)
lib/orangescrt.a(stat.o)      mm/exec.o (stat)
lib/orangescrt.a(fork.o)      kernel/main.o (fork)
lib/orangescrt.a(exit.o)      kernel/check.o (exit)
lib/orangescrt.a(wait.o)      kernel/main.o (wait)
lib/orangescrt.a(exec.o)      kernel/main.o (execv)
lib/orangescrt.a(syscall.o)   lib/orangescrt.a(misc.o) (sendrec)

Allocating common symbols
Common symbol       size              file

idt_ptr             0x6               kernel/global.o
inode_table         0xb00             kernel/global.o
task_stack          0x24000           kernel/global.o
k_reenter           0x4               kernel/global.o
gdt                 0x400             kernel/global.o
current_console     0x4               kernel/global.o
pcaller             0x4               kernel/global.o
tty_table           0xc6c             kernel/global.o
tss                 0x68              kernel/global.o
fs_msg              0x30              kernel/global.o
memory_size         0x4               kernel/global.o
f_desc_table        0x400             kernel/global.o
root_inode          0x4               kernel/global.o
disp_pos            0x4               kernel/global.o
mm_msg              0x30              kernel/global.o
key_pressed         0x4               kernel/global.o
nodes               0x7ff             kernel/global.o
gdt_ptr             0x6               kernel/global.o
idt                 0x800             kernel/global.o
super_block         0x1e0             kernel/global.o
PARTITION_ENTRY     0x10              kernel/hd.o
ticks               0x4               kernel/global.o
console_table       0x3c              kernel/global.o
irq_table           0x40              kernel/global.o
p_proc_ready        0x4               kernel/global.o
proc_table          0x3af8            kernel/global.o

Discarded input sections

 .note.GNU-stack
                0x0000000000000000        0x0 kernel/start.o
 .note.GNU-stack
                0x0000000000000000        0x0 kernel/main.o
 .note.GNU-stack
                0x0000000000000000        0x0 kernel/clock.o
 .note.GNU-stack
                0x0000000000000000        0x0 kernel/keyboard.o
 .note.GNU-stack
                0x0000000000000000        0x0 kernel/tty.o
 .note.GNU-stack
                0x0000000000000000        0x0 kernel/console.o
 .note.GNU-stack
                0x0000000000000000        0x0 kernel/i8259.o
 .note.GNU-stack
                0x0000000000000000        0x0 kernel/global.o
 .note.GNU-stack
                0x0000000000000000        0x0 kernel/protect.o
 .note.GNU-stack
                0x0000000000000000        0x0 kernel/proc.o
 .note.GNU-stack
                0x0000000000000000        0x0 kernel/systask.o
 .note.GNU-stack
                0x0000000000000000        0x0 kernel/hd.o
 .note.GNU-stack
                0x0000000000000000        0x0 kernel/klib.o
 .note.GNU-stack
                0x0000000000000000        0x0 lib/syslog.o
 .note.GNU-stack
                0x0000000000000000        0x0 mm/main.o
 .note.GNU-stack
                0x0000000000000000        0x0 mm/forkexit.o
 .note.GNU-stack
                0x0000000000000000        0x0 mm/exec.o
 .note.GNU-stack
                0x0000000000000000        0x0 fs/main.o
 .note.GNU-stack
                0x0000000000000000        0x0 fs/open.o
 .note.GNU-stack
                0x0000000000000000        0x0 fs/misc.o
 .note.GNU-stack
                0x0000000000000000        0x0 fs/read_write.o
 .note.GNU-stack
                0x0000000000000000        0x0 fs/link.o
 .note.GNU-stack
                0x0000000000000000        0x0 fs/disklog.o
 .note.GNU-stack
                0x0000000000000000        0x0 kernel/check.o
 .note.GNU-stack
                0x0000000000000000        0x0 mm/alloc.o
 .note.GNU-stack
                0x0000000000000000        0x0 lib/orangescrt.a(printf.o)
 .note.GNU-stack
                0x0000000000000000        0x0 lib/orangescrt.a(vsprintf.o)
 .note.GNU-stack
                0x0000000000000000        0x0 lib/orangescrt.a(misc.o)
 .note.GNU-stack
                0x0000000000000000        0x0 lib/orangescrt.a(open.o)
 .note.GNU-stack
                0x0000000000000000        0x0 lib/orangescrt.a(read.o)
 .note.GNU-stack
                0x0000000000000000        0x0 lib/orangescrt.a(write.o)
 .note.GNU-stack
                0x0000000000000000        0x0 lib/orangescrt.a(close.o)
 .note.GNU-stack
                0x0000000000000000        0x0 lib/orangescrt.a(getpid.o)
 .note.GNU-stack
                0x0000000000000000        0x0 lib/orangescrt.a(stat.o)
 .note.GNU-stack
                0x0000000000000000        0x0 lib/orangescrt.a(fork.o)
 .note.GNU-stack
                0x0000000000000000        0x0 lib/orangescrt.a(exit.o)
 .note.GNU-stack
                0x0000000000000000        0x0 lib/orangescrt.a(wait.o)
 .note.GNU-stack
                0x0000000000000000        0x0 lib/orangescrt.a(exec.o)

Memory Configuration

Name             Origin             Length             Attributes
*default*        0x0000000000000000 0xffffffffffffffff

Linker script and memory map

Address of section .text set to 0x1000
LOAD kernel/kernel.o
LOAD kernel/start.o
LOAD kernel/main.o
LOAD kernel/clock.o
LOAD kernel/keyboard.o
LOAD kernel/tty.o
LOAD kernel/console.o
LOAD kernel/i8259.o
LOAD kernel/global.o
LOAD kernel/protect.o
LOAD kernel/proc.o
LOAD kernel/systask.o
LOAD kernel/hd.o
LOAD kernel/kliba.o
LOAD kernel/klib.o
LOAD lib/syslog.o
LOAD mm/main.o
LOAD mm/forkexit.o
LOAD mm/exec.o
LOAD fs/main.o
LOAD fs/open.o
LOAD fs/misc.o
LOAD fs/read_write.o
LOAD fs/link.o
LOAD fs/disklog.o
LOAD kernel/check.o
LOAD mm/alloc.o
LOAD lib/orangescrt.a
                [!provide]                        PROVIDE (__executable_start, 0x8048000)
                0x0000000008048094                . = (0x8048000 + SIZEOF_HEADERS)

.interp
 *(.interp)

.note.gnu.build-id
 *(.note.gnu.build-id)

.hash
 *(.hash)

.gnu.hash
 *(.gnu.hash)

.dynsym
 *(.dynsym)

.dynstr
 *(.dynstr)

.gnu.version
 *(.gnu.version)

.gnu.version_d
 *(.gnu.version_d)

.gnu.version_r
 *(.gnu.version_r)

.rel.dyn        0x0000000008048094        0x0
 *(.rel.init)
 *(.rel.text .rel.text.* .rel.gnu.linkonce.t.*)
 .rel.text      0x0000000008048094        0x0 kernel/kernel.o
 *(.rel.fini)
 *(.rel.rodata .rel.rodata.* .rel.gnu.linkonce.r.*)
 *(.rel.data.rel.ro .rel.data.rel.ro.* .rel.gnu.linkonce.d.rel.ro.*)
 *(.rel.data .rel.data.* .rel.gnu.linkonce.d.*)
 .rel.data      0x0000000008048094        0x0 kernel/kernel.o
 *(.rel.tdata .rel.tdata.* .rel.gnu.linkonce.td.*)
 *(.rel.tbss .rel.tbss.* .rel.gnu.linkonce.tb.*)
 *(.rel.ctors)
 *(.rel.dtors)
 *(.rel.got)
 *(.rel.bss .rel.bss.* .rel.gnu.linkonce.b.*)
 *(.rel.ifunc)

.rel.plt        0x0000000008048094        0x0
 *(.rel.plt)
                [!provide]                        PROVIDE (__rel_iplt_start, .)
 *(.rel.iplt)
 .rel.iplt      0x0000000008048094        0x0 kernel/kernel.o
                [!provide]                        PROVIDE (__rel_iplt_end, .)

.init
 *(SORT(.init))

.plt            0x00000000080480a0        0x0
 *(.plt)
 *(.iplt)
 .iplt          0x00000000080480a0        0x0 kernel/kernel.o

.plt.got
 *(.plt.got)

.text           0x0000000000001000     0xca98
 *(.text.unlikely .text.*_unlikely .text.unlikely.*)
 *(.text.exit .text.exit.*)
 *(.text.startup .text.startup.*)
 *(.text.hot .text.hot.*)
 *(.text .stub .text.* .gnu.linkonce.t.*)
 .text          0x0000000000001000      0x413 kernel/kernel.o
                0x0000000000001000                _start
                0x0000000000001040                hwint00
                0x0000000000001070                hwint01
                0x00000000000010a0                hwint02
                0x00000000000010d0                hwint03
                0x0000000000001100                hwint04
                0x0000000000001130                hwint05
                0x0000000000001160                hwint06
                0x0000000000001190                hwint07
                0x00000000000011c0                hwint08
                0x00000000000011f0                hwint09
                0x0000000000001220                hwint10
                0x0000000000001250                hwint11
                0x0000000000001280                hwint12
                0x00000000000012b0                hwint13
                0x00000000000012e0                hwint14
                0x0000000000001310                hwint15
                0x0000000000001334                divide_error
                0x000000000000133a                single_step_exception
                0x0000000000001340                nmi
                0x0000000000001346                breakpoint_exception
                0x000000000000134c                overflow
                0x0000000000001352                bounds_check
                0x0000000000001358                inval_opcode
                0x000000000000135e                copr_not_available
                0x0000000000001364                double_fault
                0x0000000000001368                copr_seg_overrun
                0x000000000000136e                inval_tss
                0x0000000000001372                segment_not_present
                0x0000000000001376                stack_exception
                0x000000000000137a                general_protection
                0x000000000000137e                page_fault
                0x0000000000001382                copr_error
                0x00000000000013ce                sys_call
                0x00000000000013ee                restart
 .text          0x0000000000001413       0x95 kernel/start.o
                0x0000000000001413                cstart
 .text          0x00000000000014a8      0xadf kernel/main.o
                0x00000000000014a8                kernel_main
                0x00000000000017eb                get_ticks
                0x000000000000181f                untar
                0x00000000000019dd                shabby_shell
                0x0000000000001dc2                Init
                0x0000000000001f2f                TestA
                0x0000000000001f34                TestB
                0x0000000000001f39                TestC
                0x0000000000001f3e                panic
 .text          0x0000000000001f87      0x10d kernel/clock.o
                0x0000000000001f87                clock_handler
                0x0000000000002002                milli_delay
                0x000000000000203c                init_clock
 .text          0x0000000000002094      0x6da kernel/keyboard.o
                0x0000000000002094                keyboard_handler
                0x00000000000020fe                init_keyboard
                0x00000000000021ad                keyboard_read
 .text          0x000000000000276e      0xa4a kernel/tty.o
                0x000000000000276e                task_tty
                0x000000000000295f                in_process
                0x0000000000002eb8                sys_printx
                0x0000000000003057                dump_tty_buf
 .text          0x00000000000031b8      0x7d7 kernel/console.o
                0x00000000000031b8                init_screen
                0x000000000000332c                out_char
                0x0000000000003609                is_current_console
                0x00000000000036fc                select_console
                0x000000000000373c                scroll_screen
 .text          0x000000000000398f      0x130 kernel/i8259.o
                0x000000000000398f                init_8259A
                0x0000000000003a64                spurious_irq
                0x0000000000003a9b                put_irq_handler
 .text          0x0000000000003abf        0x0 kernel/global.o
 .text          0x0000000000003abf      0x65f kernel/protect.o
                0x0000000000003abf                init_prot
                0x0000000000003f27                seg2linear
                0x0000000000003f76                init_desc
                0x0000000000003fe3                exception_handler
 .text          0x000000000000411e     0x15ff kernel/proc.o
                0x000000000000411e                schedule
                0x00000000000041aa                sys_sendrec
                0x00000000000042ca                ldt_seg_linear
                0x0000000000004314                va2la
                0x0000000000004375                reset_msg
                0x0000000000005164                inform_int
                0x00000000000052d4                dump_proc
                0x0000000000005610                dump_msg
 .text          0x000000000000571d      0x2bc kernel/systask.o
                0x000000000000571d                task_sys
 .text          0x00000000000059d9      0xe1f kernel/hd.o
                0x00000000000059d9                task_hd
                0x00000000000067cd                hd_handler
 *fill*         0x00000000000067f8        0x8 
 .text          0x0000000000006800      0x19a kernel/kliba.o
                0x0000000000006800                disp_str
                0x000000000000683e                disp_color_str
                0x000000000000687d                out_byte
                0x0000000000006889                in_byte
                0x0000000000006893                port_read
                0x00000000000068a6                port_write
                0x00000000000068b9                disable_irq
                0x00000000000068ee                enable_irq
                0x000000000000690d                disable_int
                0x000000000000690f                enable_int
                0x0000000000006911                glitter
 .text          0x000000000000699a      0x2af kernel/klib.o
                0x000000000000699a                get_boot_params
                0x0000000000006a20                get_kernel_map
                0x0000000000006b30                itoa
                0x0000000000006bdb                disp_int
                0x0000000000006c02                delay
 .text          0x0000000000006c49       0x6f lib/syslog.o
                0x0000000000006c49                syslog
 .text          0x0000000000006cb8      0x1c8 mm/main.o
                0x0000000000006cb8                task_mm
                0x0000000000006dfb                alloc_mem
                0x0000000000006e76                free_mem
 .text          0x0000000000006e80      0x5c0 mm/forkexit.o
                0x0000000000006e80                do_fork
                0x00000000000071c1                do_exit
                0x000000000000738a                do_wait
 .text          0x0000000000007440      0x356 mm/exec.o
                0x0000000000007440                do_exec
 .text          0x0000000000007796     0x109c fs/main.o
                0x0000000000007796                task_fs
                0x0000000000008217                rw_sector
                0x000000000000843a                get_super_block
                0x0000000000008480                get_inode
                0x00000000000085e3                put_inode
                0x0000000000008621                sync_inode
 .text          0x0000000000008832      0xaa6 fs/open.o
                0x0000000000008832                do_open
                0x0000000000008c74                do_close
                0x0000000000008cef                do_lseek
 .text          0x00000000000092d8      0x3b2 fs/misc.o
                0x00000000000092d8                do_stat
                0x00000000000094a9                search_file
                0x00000000000095ff                strip_path
 .text          0x000000000000968a      0x49a fs/read_write.o
                0x000000000000968a                do_rdwt
 .text          0x0000000000009b24      0x808 fs/link.o
                0x0000000000009b24                do_unlink
 .text          0x000000000000a32c     0x1fb8 fs/disklog.o
                0x000000000000a32c                disklog
                0x000000000000a899                dump_fd_graph
 .text          0x000000000000c2e4      0x31b kernel/check.o
                0x000000000000c2e4                proc_parity_check
                0x000000000000c45e                parity_check
                0x000000000000c4db                open_check
 .text          0x000000000000c5ff      0x910 mm/alloc.o
                0x000000000000c5ff                parent
                0x000000000000c613                child_left
                0x000000000000c620                child_right
                0x000000000000c62d                brother
                0x000000000000c64a                pow2
                0x000000000000c66b                pg_cnt
                0x000000000000c685                base_addr
                0x000000000000c70a                base_pg
                0x000000000000c78c                output
                0x000000000000c955                tree_alloc
                0x000000000000cafc                do_alloc
                0x000000000000cb9b                tree_free
                0x000000000000ce6f                do_free
 .text          0x000000000000cf0f       0xad lib/orangescrt.a(printf.o)
                0x000000000000cf0f                printf
                0x000000000000cf7a                printl
 .text          0x000000000000cfbc      0x305 lib/orangescrt.a(vsprintf.o)
                0x000000000000d01a                vsprintf
                0x000000000000d29b                sprintf
 *fill*         0x000000000000d2c1        0xf 
 .text          0x000000000000d2d0       0x78 lib/orangescrt.a(string.o)
                0x000000000000d2d0                memcpy
                0x000000000000d2f9                memset
                0x000000000000d31a                strcpy
                0x000000000000d332                strlen
 .text          0x000000000000d348      0x256 lib/orangescrt.a(misc.o)
                0x000000000000d348                send_recv
                0x000000000000d402                memcmp
                0x000000000000d478                strcmp
                0x000000000000d4eb                strcat
                0x000000000000d54a                spin
                0x000000000000d565                assertion_failure
 .text          0x000000000000d59e       0x63 lib/orangescrt.a(open.o)
                0x000000000000d59e                open
 .text          0x000000000000d601       0x37 lib/orangescrt.a(read.o)
                0x000000000000d601                read
 .text          0x000000000000d638       0x37 lib/orangescrt.a(write.o)
                0x000000000000d638                write
 .text          0x000000000000d66f       0x2b lib/orangescrt.a(close.o)
                0x000000000000d66f                close
 .text          0x000000000000d69a       0x46 lib/orangescrt.a(getpid.o)
                0x000000000000d69a                getpid
 .text          0x000000000000d6e0       0x63 lib/orangescrt.a(stat.o)
                0x000000000000d6e0                stat
 .text          0x000000000000d743       0x66 lib/orangescrt.a(fork.o)
                0x000000000000d743                fork
 .text          0x000000000000d7a9       0x4a lib/orangescrt.a(exit.o)
                0x000000000000d7a9                exit
 .text          0x000000000000d7f3       0x3c lib/orangescrt.a(wait.o)
                0x000000000000d7f3                wait
 .text          0x000000000000d82f      0x237 lib/orangescrt.a(exec.o)
                0x000000000000d82f                exec
                0x000000000000d89a                execl
                0x000000000000d8bf                execv
 *fill*         0x000000000000da66        0xa 
 .text          0x000000000000da70       0x28 lib/orangescrt.a(syscall.o)
                0x000000000000da70                sendrec
                0x000000000000da8a                printx
 *(.gnu.warning)

.fini
 *(SORT(.fini))
                [!provide]                        PROVIDE (__etext, .)
                [!provide]                        PROVIDE (_etext, .)
                [!provide]                        PROVIDE (etext, .)

.rodata         0x000000000000daa0     0x286f
 *(.rodata .rodata.* .gnu.linkonce.r.*)
 .rodata        0x000000000000daa0       0x47 kernel/start.o
 *fill*         0x000000000000dae7        0x1 
 .rodata        0x000000000000dae8      0x1ac kernel/main.o
 .rodata        0x000000000000dc94       0x64 kernel/keyboard.o
 .rodata        0x000000000000dcf8      0x168 kernel/tty.o
 .rodata        0x000000000000de60       0x5b kernel/console.o
 .rodata        0x000000000000debb       0x11 kernel/i8259.o
 .rodata        0x000000000000decc       0x10 kernel/global.o
                0x000000000000decc                FSBUF_SIZE
                0x000000000000ded0                MMBUF_SIZE
                0x000000000000ded4                LOGBUF_SIZE
                0x000000000000ded8                LOGDISKBUF_SIZE
 *fill*         0x000000000000dedc        0x4 
 .rodata        0x000000000000dee0      0x580 kernel/protect.o
 .rodata        0x000000000000e460      0x5da kernel/proc.o
 .rodata        0x000000000000ea3a       0x11 kernel/systask.o
 *fill*         0x000000000000ea4b        0x1 
 .rodata        0x000000000000ea4c      0x1df kernel/hd.o
 *fill*         0x000000000000ec2b        0x1 
 .rodata        0x000000000000ec2c       0x6a kernel/klib.o
 .rodata        0x000000000000ec96       0x1e lib/syslog.o
 .rodata        0x000000000000ecb4       0xc9 mm/main.o
 *fill*         0x000000000000ed7d        0x3 
 .rodata        0x000000000000ed80       0xe7 mm/forkexit.o
 *fill*         0x000000000000ee67        0x1 
 .rodata        0x000000000000ee68       0xa4 mm/exec.o
 .rodata        0x000000000000ef0c      0x2b6 fs/main.o
 *fill*         0x000000000000f1c2        0x2 
 .rodata        0x000000000000f1c4      0x13c fs/open.o
 .rodata        0x000000000000f300       0x60 fs/misc.o
 .rodata        0x000000000000f360      0x164 fs/read_write.o
 .rodata        0x000000000000f4c4      0x1ad fs/link.o
 *fill*         0x000000000000f671        0x3 
 .rodata        0x000000000000f674      0x806 fs/disklog.o
 *fill*         0x000000000000fe7a        0x2 
 .rodata        0x000000000000fe7c       0xfe kernel/check.o
 *fill*         0x000000000000ff7a        0x2 
 .rodata        0x000000000000ff7c      0x186 mm/alloc.o
 .rodata        0x0000000000010102       0x14 lib/orangescrt.a(printf.o)
 *fill*         0x0000000000010116        0x2 
 .rodata        0x0000000000010118       0xad lib/orangescrt.a(misc.o)
 .rodata        0x00000000000101c5       0x23 lib/orangescrt.a(open.o)
 .rodata        0x00000000000101e8       0x25 lib/orangescrt.a(getpid.o)
 .rodata        0x000000000001020d       0x23 lib/orangescrt.a(stat.o)
 .rodata        0x0000000000010230       0x33 lib/orangescrt.a(fork.o)
 .rodata        0x0000000000010263       0x23 lib/orangescrt.a(exit.o)
 *fill*         0x0000000000010286        0x2 
 .rodata        0x0000000000010288       0x87 lib/orangescrt.a(exec.o)

.rodata1
 *(.rodata1)

.eh_frame_hdr
 *(.eh_frame_hdr)
 *(.eh_frame_entry .eh_frame_entry.*)

.eh_frame       0x0000000000010310     0x14b0
 *(.eh_frame)
 .eh_frame      0x0000000000010310       0x38 kernel/start.o
 .eh_frame      0x0000000000010348      0x108 kernel/main.o
                                        0x120 (size before relaxing)
 .eh_frame      0x0000000000010450       0x60 kernel/clock.o
                                         0x78 (size before relaxing)
 .eh_frame      0x00000000000104b0       0xe0 kernel/keyboard.o
                                         0xf8 (size before relaxing)
 .eh_frame      0x0000000000010590      0x13c kernel/tty.o
                                        0x154 (size before relaxing)
 .eh_frame      0x00000000000106cc      0x144 kernel/console.o
                                        0x15c (size before relaxing)
 .eh_frame      0x0000000000010810       0x60 kernel/i8259.o
                                         0x78 (size before relaxing)
 .eh_frame      0x0000000000010870       0xb0 kernel/protect.o
                                         0xc8 (size before relaxing)
 .eh_frame      0x0000000000010920      0x1b8 kernel/proc.o
                                        0x1d0 (size before relaxing)
 .eh_frame      0x0000000000010ad8       0x5c kernel/systask.o
                                         0x74 (size before relaxing)
 .eh_frame      0x0000000000010b34      0x1f0 kernel/hd.o
                                        0x208 (size before relaxing)
 .eh_frame      0x0000000000010d24       0xa0 kernel/klib.o
                                         0xb8 (size before relaxing)
 .eh_frame      0x0000000000010dc4       0x20 lib/syslog.o
                                         0x38 (size before relaxing)
 .eh_frame      0x0000000000010de4       0x7c mm/main.o
                                         0x94 (size before relaxing)
 .eh_frame      0x0000000000010e60       0x90 mm/forkexit.o
                                         0xa8 (size before relaxing)
 .eh_frame      0x0000000000010ef0       0x2c mm/exec.o
                                         0x44 (size before relaxing)
 .eh_frame      0x0000000000010f1c      0x170 fs/main.o
                                        0x188 (size before relaxing)
 .eh_frame      0x000000000001108c      0x120 fs/open.o
                                        0x138 (size before relaxing)
 .eh_frame      0x00000000000111ac       0x68 fs/misc.o
                                         0x80 (size before relaxing)
 .eh_frame      0x0000000000011214       0x2c fs/read_write.o
                                         0x44 (size before relaxing)
 .eh_frame      0x0000000000011240       0x2c fs/link.o
                                         0x44 (size before relaxing)
 .eh_frame      0x000000000001126c       0x60 fs/disklog.o
                                         0x78 (size before relaxing)
 .eh_frame      0x00000000000112cc       0x64 kernel/check.o
                                         0x7c (size before relaxing)
 .eh_frame      0x0000000000011330      0x1b4 mm/alloc.o
                                        0x1cc (size before relaxing)
 .eh_frame      0x00000000000114e4       0x40 lib/orangescrt.a(printf.o)
                                         0x58 (size before relaxing)
 .eh_frame      0x0000000000011524       0x60 lib/orangescrt.a(vsprintf.o)
                                         0x78 (size before relaxing)
 .eh_frame      0x0000000000011584       0xbc lib/orangescrt.a(misc.o)
                                         0xd4 (size before relaxing)
 .eh_frame      0x0000000000011640       0x20 lib/orangescrt.a(open.o)
                                         0x38 (size before relaxing)
 .eh_frame      0x0000000000011660       0x20 lib/orangescrt.a(read.o)
                                         0x38 (size before relaxing)
 .eh_frame      0x0000000000011680       0x20 lib/orangescrt.a(write.o)
                                         0x38 (size before relaxing)
 .eh_frame      0x00000000000116a0       0x20 lib/orangescrt.a(close.o)
                                         0x38 (size before relaxing)
 .eh_frame      0x00000000000116c0       0x20 lib/orangescrt.a(getpid.o)
                                         0x38 (size before relaxing)
 .eh_frame      0x00000000000116e0       0x20 lib/orangescrt.a(stat.o)
                                         0x38 (size before relaxing)
 .eh_frame      0x0000000000011700       0x20 lib/orangescrt.a(fork.o)
                                         0x38 (size before relaxing)
 .eh_frame      0x0000000000011720       0x20 lib/orangescrt.a(exit.o)
                                         0x38 (size before relaxing)
 .eh_frame      0x0000000000011740       0x20 lib/orangescrt.a(wait.o)
                                         0x38 (size before relaxing)
 .eh_frame      0x0000000000011760       0x60 lib/orangescrt.a(exec.o)
                                         0x78 (size before relaxing)
 *(.eh_frame.*)

.gcc_except_table
 *(.gcc_except_table .gcc_except_table.*)

.gnu_extab
 *(.gnu_extab*)

.exception_ranges
 *(.exception_ranges .exception_ranges*)
                0x00000000000127c0                . = DATA_SEGMENT_ALIGN (0x1000, 0x1000)

.eh_frame
 *(.eh_frame)
 *(.eh_frame.*)

.gnu_extab
 *(.gnu_extab)

.gcc_except_table
 *(.gcc_except_table .gcc_except_table.*)

.exception_ranges
 *(.exception_ranges .exception_ranges*)

.tdata
 *(.tdata .tdata.* .gnu.linkonce.td.*)

.tbss
 *(.tbss .tbss.* .gnu.linkonce.tb.*)
 *(.tcommon)

.preinit_array  0x00000000000127c0        0x0
                [!provide]                        PROVIDE (__preinit_array_start, .)
 *(.preinit_array)
                [!provide]                        PROVIDE (__preinit_array_end, .)

.init_array     0x00000000000127c0        0x0
                [!provide]                        PROVIDE (__init_array_start, .)
 *(SORT(.init_array.*) SORT(.ctors.*))
 *(.init_array EXCLUDE_FILE(*crtend?.o *crtend.o *crtbegin?.o *crtbegin.o) .ctors)
                [!provide]                        PROVIDE (__init_array_end, .)

.fini_array     0x00000000000127c0        0x0
                [!provide]                        PROVIDE (__fini_array_start, .)
 *(SORT(.fini_array.*) SORT(.dtors.*))
 *(.fini_array EXCLUDE_FILE(*crtend?.o *crtend.o *crtbegin?.o *crtbegin.o) .dtors)
                [!provide]                        PROVIDE (__fini_array_end, .)

.ctors
 *crtbegin.o(.ctors)
 *crtbegin?.o(.ctors)
 *(EXCLUDE_FILE(*crtend?.o *crtend.o) .ctors)
 *(SORT(.ctors.*))
 *(.ctors)

.dtors
 *crtbegin.o(.dtors)
 *crtbegin?.o(.dtors)
 *(EXCLUDE_FILE(*crtend?.o *crtend.o) .dtors)
 *(SORT(.dtors.*))
 *(.dtors)

.jcr
 *(.jcr)

.data.rel.ro
 *(.data.rel.ro.local* .gnu.linkonce.d.rel.ro.local.*)
 *(.data.rel.ro .data.rel.ro.* .gnu.linkonce.d.rel.ro.*)

.dynamic
 *(.dynamic)

.got
 *(.got)
 *(.igot)
                0x00000000000127c0                . = DATA_SEGMENT_RELRO_END (., (SIZEOF (.got.plt) >= 0xc)?0xc:0x0)

.got.plt        0x00000000000127c0        0x0
 *(.got.plt)
 *(.igot.plt)
 .igot.plt      0x00000000000127c0        0x0 kernel/kernel.o

.data           0x00000000000127c0      0x814
 *(.data .data.* .gnu.linkonce.d.*)
 .data          0x00000000000127c0        0x2 kernel/kernel.o
 .data          0x00000000000127c2        0x0 kernel/start.o
 .data          0x00000000000127c2        0x0 kernel/main.o
 .data          0x00000000000127c2        0x0 kernel/clock.o
 *fill*         0x00000000000127c2       0x1e 
 .data          0x00000000000127e0      0x600 kernel/keyboard.o
                0x00000000000127e0                keymap
 .data          0x0000000000012de0       0x22 kernel/tty.o
 .data          0x0000000000012e02        0x0 kernel/console.o
 .data          0x0000000000012e02        0x0 kernel/i8259.o
 *fill*         0x0000000000012e02       0x1e 
 .data          0x0000000000012e20      0x1b4 kernel/global.o
                0x0000000000012e20                task_table
                0x0000000000012f00                user_proc_table
                0x0000000000012fa0                sys_call_table
                0x0000000000012fac                dd_map
                0x0000000000012fc4                fsbuf
                0x0000000000012fc8                mmbuf
                0x0000000000012fcc                logbuf
                0x0000000000012fd0                logdiskbuf
 .data          0x0000000000012fd4        0x0 kernel/protect.o
 .data          0x0000000000012fd4        0x0 kernel/proc.o
 .data          0x0000000000012fd4        0x0 kernel/systask.o
 .data          0x0000000000012fd4        0x0 kernel/hd.o
 .data          0x0000000000012fd4        0x0 kernel/klib.o
 .data          0x0000000000012fd4        0x0 lib/syslog.o
 .data          0x0000000000012fd4        0x0 mm/main.o
 .data          0x0000000000012fd4        0x0 mm/forkexit.o
 .data          0x0000000000012fd4        0x0 mm/exec.o
 .data          0x0000000000012fd4        0x0 fs/main.o
 .data          0x0000000000012fd4        0x0 fs/open.o
 .data          0x0000000000012fd4        0x0 fs/misc.o
 .data          0x0000000000012fd4        0x0 fs/read_write.o
 .data          0x0000000000012fd4        0x0 fs/link.o
 .data          0x0000000000012fd4        0x0 fs/disklog.o
 .data          0x0000000000012fd4        0x0 kernel/check.o
 .data          0x0000000000012fd4        0x0 mm/alloc.o
 .data          0x0000000000012fd4        0x0 lib/orangescrt.a(printf.o)
 .data          0x0000000000012fd4        0x0 lib/orangescrt.a(vsprintf.o)
 .data          0x0000000000012fd4        0x0 lib/orangescrt.a(misc.o)
 .data          0x0000000000012fd4        0x0 lib/orangescrt.a(open.o)
 .data          0x0000000000012fd4        0x0 lib/orangescrt.a(read.o)
 .data          0x0000000000012fd4        0x0 lib/orangescrt.a(write.o)
 .data          0x0000000000012fd4        0x0 lib/orangescrt.a(close.o)
 .data          0x0000000000012fd4        0x0 lib/orangescrt.a(getpid.o)
 .data          0x0000000000012fd4        0x0 lib/orangescrt.a(stat.o)
 .data          0x0000000000012fd4        0x0 lib/orangescrt.a(fork.o)
 .data          0x0000000000012fd4        0x0 lib/orangescrt.a(exit.o)
 .data          0x0000000000012fd4        0x0 lib/orangescrt.a(wait.o)
 .data          0x0000000000012fd4        0x0 lib/orangescrt.a(exec.o)

.data1
 *(.data1)
                0x0000000000012fd4                _edata = .
                [!provide]                        PROVIDE (edata, .)
                0x0000000000012fd4                . = .
                0x0000000000012fd4                __bss_start = .

.bss            0x0000000000012fe0    0x2bfa8
 *(.dynbss)
 *(.bss .bss.* .gnu.linkonce.b.*)
 .bss           0x0000000000012fe0      0x800 kernel/kernel.o
 .bss           0x00000000000137e0        0x0 kernel/start.o
 .bss           0x00000000000137e0        0x0 kernel/main.o
 .bss           0x00000000000137e0        0x0 kernel/clock.o
 .bss           0x00000000000137e0       0x58 kernel/keyboard.o
 .bss           0x0000000000013838        0x0 kernel/tty.o
 .bss           0x0000000000013838        0x0 kernel/console.o
 .bss           0x0000000000013838        0x0 kernel/i8259.o
 .bss           0x0000000000013838        0x0 kernel/global.o
 .bss           0x0000000000013838        0x0 kernel/protect.o
 .bss           0x0000000000013838        0x0 kernel/proc.o
 .bss           0x0000000000013838        0x0 kernel/systask.o
 *fill*         0x0000000000013838        0x8 
 .bss           0x0000000000013840      0x64c kernel/hd.o
 .bss           0x0000000000013e8c        0x0 kernel/klib.o
 .bss           0x0000000000013e8c        0x0 lib/syslog.o
 .bss           0x0000000000013e8c        0x0 mm/main.o
 .bss           0x0000000000013e8c        0x0 mm/forkexit.o
 .bss           0x0000000000013e8c        0x0 mm/exec.o
 .bss           0x0000000000013e8c        0x0 fs/main.o
 .bss           0x0000000000013e8c        0x0 fs/open.o
 .bss           0x0000000000013e8c        0x0 fs/misc.o
 .bss           0x0000000000013e8c        0x0 fs/read_write.o
 .bss           0x0000000000013e8c        0x0 fs/link.o
 *fill*         0x0000000000013e8c       0x14 
 .bss           0x0000000000013ea0      0x208 fs/disklog.o
 .bss           0x00000000000140a8        0x0 kernel/check.o
 .bss           0x00000000000140a8        0x0 mm/alloc.o
 .bss           0x00000000000140a8        0x0 lib/orangescrt.a(printf.o)
 .bss           0x00000000000140a8        0x0 lib/orangescrt.a(vsprintf.o)
 .bss           0x00000000000140a8        0x0 lib/orangescrt.a(misc.o)
 .bss           0x00000000000140a8        0x0 lib/orangescrt.a(open.o)
 .bss           0x00000000000140a8        0x0 lib/orangescrt.a(read.o)
 .bss           0x00000000000140a8        0x0 lib/orangescrt.a(write.o)
 .bss           0x00000000000140a8        0x0 lib/orangescrt.a(close.o)
 .bss           0x00000000000140a8        0x0 lib/orangescrt.a(getpid.o)
 .bss           0x00000000000140a8        0x0 lib/orangescrt.a(stat.o)
 .bss           0x00000000000140a8        0x0 lib/orangescrt.a(fork.o)
 .bss           0x00000000000140a8        0x0 lib/orangescrt.a(exit.o)
 .bss           0x00000000000140a8        0x0 lib/orangescrt.a(wait.o)
 .bss           0x00000000000140a8        0x0 lib/orangescrt.a(exec.o)
 *(COMMON)
 *fill*         0x00000000000140a8       0x18 
 COMMON         0x00000000000140c0    0x2aeb8 kernel/global.o
                0x00000000000140c0                idt_ptr
                0x00000000000140e0                inode_table
                0x0000000000014be0                task_stack
                0x0000000000038be0                k_reenter
                0x0000000000038c00                gdt
                0x0000000000039000                current_console
                0x0000000000039004                pcaller
                0x0000000000039020                tty_table
                0x0000000000039ca0                tss
                0x0000000000039d20                fs_msg
                0x0000000000039d50                memory_size
                0x0000000000039d60                f_desc_table
                0x000000000003a160                root_inode
                0x000000000003a164                disp_pos
                0x000000000003a180                mm_msg
                0x000000000003a1b0                key_pressed
                0x000000000003a1c0                nodes
                0x000000000003a9c0                gdt_ptr
                0x000000000003a9e0                idt
                0x000000000003b1e0                super_block
                0x000000000003b3c0                ticks
                0x000000000003b3e0                console_table
                0x000000000003b420                irq_table
                0x000000000003b460                p_proc_ready
                0x000000000003b480                proc_table
 COMMON         0x000000000003ef78       0x10 kernel/hd.o
                0x000000000003ef78                PARTITION_ENTRY
                0x000000000003ef88                . = ALIGN ((. != 0x0)?0x4:0x1)
                0x000000000003ef88                . = ALIGN (0x4)
                0x000000000003ef88                . = SEGMENT_START ("ldata-segment", .)
                0x000000000003ef88                . = ALIGN (0x4)
                0x000000000003ef88                _end = .
                [!provide]                        PROVIDE (end, .)
                0x000000000003ef88                . = DATA_SEGMENT_END (.)

.stab
 *(.stab)

.stabstr
 *(.stabstr)

.stab.excl
 *(.stab.excl)

.stab.exclstr
 *(.stab.exclstr)

.stab.index
 *(.stab.index)

.stab.indexstr
 *(.stab.indexstr)

.comment        0x0000000000000000       0x35
 *(.comment)
 .comment       0x0000000000000000       0x35 kernel/start.o
                                         0x36 (size before relaxing)
 .comment       0x0000000000000035       0x36 kernel/main.o
 .comment       0x0000000000000035       0x36 kernel/clock.o
 .comment       0x0000000000000035       0x36 kernel/keyboard.o
 .comment       0x0000000000000035       0x36 kernel/tty.o
 .comment       0x0000000000000035       0x36 kernel/console.o
 .comment       0x0000000000000035       0x36 kernel/i8259.o
 .comment       0x0000000000000035       0x36 kernel/global.o
 .comment       0x0000000000000035       0x36 kernel/protect.o
 .comment       0x0000000000000035       0x36 kernel/proc.o
 .comment       0x0000000000000035       0x36 kernel/systask.o
 .comment       0x0000000000000035       0x36 kernel/hd.o
 .comment       0x0000000000000035       0x36 kernel/klib.o
 .comment       0x0000000000000035       0x36 lib/syslog.o
 .comment       0x0000000000000035       0x36 mm/main.o
 .comment       0x0000000000000035       0x36 mm/forkexit.o
 .comment       0x0000000000000035       0x36 mm/exec.o
 .comment       0x0000000000000035       0x36 fs/main.o
 .comment       0x0000000000000035       0x36 fs/open.o
 .comment       0x0000000000000035       0x36 fs/misc.o
 .comment       0x0000000000000035       0x36 fs/read_write.o
 .comment       0x0000000000000035       0x36 fs/link.o
 .comment       0x0000000000000035       0x36 fs/disklog.o
 .comment       0x0000000000000035       0x36 kernel/check.o
 .comment       0x0000000000000035       0x36 mm/alloc.o
 .comment       0x0000000000000035       0x36 lib/orangescrt.a(printf.o)
 .comment       0x0000000000000035       0x36 lib/orangescrt.a(vsprintf.o)
 .comment       0x0000000000000035       0x36 lib/orangescrt.a(misc.o)
 .comment       0x0000000000000035       0x36 lib/orangescrt.a(open.o)
 .comment       0x0000000000000035       0x36 lib/orangescrt.a(read.o)
 .comment       0x0000000000000035       0x36 lib/orangescrt.a(write.o)
 .comment       0x0000000000000035       0x36 lib/orangescrt.a(close.o)
 .comment       0x0000000000000035       0x36 lib/orangescrt.a(getpid.o)
 .comment       0x0000000000000035       0x36 lib/orangescrt.a(stat.o)
 .comment       0x0000000000000035       0x36 lib/orangescrt.a(fork.o)
 .comment       0x0000000000000035       0x36 lib/orangescrt.a(exit.o)
 .comment       0x0000000000000035       0x36 lib/orangescrt.a(wait.o)
 .comment       0x0000000000000035       0x36 lib/orangescrt.a(exec.o)

.debug
 *(.debug)

.line
 *(.line)

.debug_srcinfo
 *(.debug_srcinfo)

.debug_sfnames
 *(.debug_sfnames)

.debug_aranges
 *(.debug_aranges)

.debug_pubnames
 *(.debug_pubnames)

.debug_info
 *(.debug_info .gnu.linkonce.wi.*)

.debug_abbrev
 *(.debug_abbrev)

.debug_line
 *(.debug_line .debug_line.* .debug_line_end)

.debug_frame
 *(.debug_frame)

.debug_str
 *(.debug_str)

.debug_loc
 *(.debug_loc)

.debug_macinfo
 *(.debug_macinfo)

.debug_weaknames
 *(.debug_weaknames)

.debug_funcnames
 *(.debug_funcnames)

.debug_typenames
 *(.debug_typenames)

.debug_varnames
 *(.debug_varnames)

.debug_pubtypes
 *(.debug_pubtypes)

.debug_ranges
 *(.debug_ranges)

.debug_macro
 *(.debug_macro)

.gnu.attributes
 *(.gnu.attributes)

/DISCARD/
 *(.note.GNU-stack)
 *(.gnu_debuglink)
 *(.gnu.lto_*)
OUTPUT(kernel.bin elf32-i386)
