Archive member included to satisfy reference by file (symbol)

lib/orangescrt.a(printf.o)    kernel/main.o (printf)
lib/orangescrt.a(vsprintf.o)  kernel/main.o (vsprintf)
lib/orangescrt.a(string.o)    kernel/start.o (memcpy)
lib/orangescrt.a(misc.o)      kernel/main.o (send_recv)
lib/orangescrt.a(open.o)      kernel/main.o (open)
lib/orangescrt.a(read.o)      kernel/main.o (read)
lib/orangescrt.a(write.o)     kernel/main.o (write)
lib/orangescrt.a(close.o)     kernel/main.o (close)
lib/orangescrt.a(getpid.o)    kernel/main.o (getpid)
lib/orangescrt.a(stat.o)      mm/exec.o (stat)
lib/orangescrt.a(fork.o)      kernel/main.o (fork)
lib/orangescrt.a(exit.o)      kernel/check.o (exit)
lib/orangescrt.a(wait.o)      kernel/main.o (wait)
lib/orangescrt.a(exec.o)      kernel/main.o (execv)
lib/orangescrt.a(syscall.o)   lib/orangescrt.a(misc.o) (sendrec)

Allocating common symbols
Common symbol       size              file

idt_ptr             0x6               kernel/global.o
inode_table         0xb00             kernel/global.o
task_stack          0x24000           kernel/global.o
k_reenter           0x4               kernel/global.o
gdt                 0x400             kernel/global.o
current_console     0x4               kernel/global.o
pcaller             0x4               kernel/global.o
tty_table           0xc6c             kernel/global.o
tss                 0x68              kernel/global.o
fs_msg              0x30              kernel/global.o
memory_size         0x4               kernel/global.o
f_desc_table        0x400             kernel/global.o
root_inode          0x4               kernel/global.o
disp_pos            0x4               kernel/global.o
mm_msg              0x30              kernel/global.o
key_pressed         0x4               kernel/global.o
gdt_ptr             0x6               kernel/global.o
idt                 0x800             kernel/global.o
super_block         0x1e0             kernel/global.o
PARTITION_ENTRY     0x10              kernel/hd.o
ticks               0x4               kernel/global.o
console_table       0x3c              kernel/global.o
irq_table           0x40              kernel/global.o
p_proc_ready        0x4               kernel/global.o
proc_table          0x3af8            kernel/global.o

Discarded input sections

 .note.GNU-stack
                0x0000000000000000        0x0 kernel/start.o
 .note.GNU-stack
                0x0000000000000000        0x0 kernel/main.o
 .note.GNU-stack
                0x0000000000000000        0x0 kernel/clock.o
 .note.GNU-stack
                0x0000000000000000        0x0 kernel/keyboard.o
 .note.GNU-stack
                0x0000000000000000        0x0 kernel/tty.o
 .note.GNU-stack
                0x0000000000000000        0x0 kernel/console.o
 .note.GNU-stack
                0x0000000000000000        0x0 kernel/i8259.o
 .note.GNU-stack
                0x0000000000000000        0x0 kernel/global.o
 .note.GNU-stack
                0x0000000000000000        0x0 kernel/protect.o
 .note.GNU-stack
                0x0000000000000000        0x0 kernel/proc.o
 .note.GNU-stack
                0x0000000000000000        0x0 kernel/systask.o
 .note.GNU-stack
                0x0000000000000000        0x0 kernel/hd.o
 .note.GNU-stack
                0x0000000000000000        0x0 kernel/klib.o
 .note.GNU-stack
                0x0000000000000000        0x0 lib/syslog.o
 .note.GNU-stack
                0x0000000000000000        0x0 mm/main.o
 .note.GNU-stack
                0x0000000000000000        0x0 mm/forkexit.o
 .note.GNU-stack
                0x0000000000000000        0x0 mm/exec.o
 .note.GNU-stack
                0x0000000000000000        0x0 fs/main.o
 .note.GNU-stack
                0x0000000000000000        0x0 fs/open.o
 .note.GNU-stack
                0x0000000000000000        0x0 fs/misc.o
 .note.GNU-stack
                0x0000000000000000        0x0 fs/read_write.o
 .note.GNU-stack
                0x0000000000000000        0x0 fs/link.o
 .note.GNU-stack
                0x0000000000000000        0x0 fs/disklog.o
 .note.GNU-stack
                0x0000000000000000        0x0 kernel/check.o
 .note.GNU-stack
                0x0000000000000000        0x0 lib/orangescrt.a(printf.o)
 .note.GNU-stack
                0x0000000000000000        0x0 lib/orangescrt.a(vsprintf.o)
 .note.GNU-stack
                0x0000000000000000        0x0 lib/orangescrt.a(misc.o)
 .note.GNU-stack
                0x0000000000000000        0x0 lib/orangescrt.a(open.o)
 .note.GNU-stack
                0x0000000000000000        0x0 lib/orangescrt.a(read.o)
 .note.GNU-stack
                0x0000000000000000        0x0 lib/orangescrt.a(write.o)
 .note.GNU-stack
                0x0000000000000000        0x0 lib/orangescrt.a(close.o)
 .note.GNU-stack
                0x0000000000000000        0x0 lib/orangescrt.a(getpid.o)
 .note.GNU-stack
                0x0000000000000000        0x0 lib/orangescrt.a(stat.o)
 .note.GNU-stack
                0x0000000000000000        0x0 lib/orangescrt.a(fork.o)
 .note.GNU-stack
                0x0000000000000000        0x0 lib/orangescrt.a(exit.o)
 .note.GNU-stack
                0x0000000000000000        0x0 lib/orangescrt.a(wait.o)
 .note.GNU-stack
                0x0000000000000000        0x0 lib/orangescrt.a(exec.o)

Memory Configuration

Name             Origin             Length             Attributes
*default*        0x0000000000000000 0xffffffffffffffff

Linker script and memory map

Address of section .text set to 0x1000
LOAD kernel/kernel.o
LOAD kernel/start.o
LOAD kernel/main.o
LOAD kernel/clock.o
LOAD kernel/keyboard.o
LOAD kernel/tty.o
LOAD kernel/console.o
LOAD kernel/i8259.o
LOAD kernel/global.o
LOAD kernel/protect.o
LOAD kernel/proc.o
LOAD kernel/systask.o
LOAD kernel/hd.o
LOAD kernel/kliba.o
LOAD kernel/klib.o
LOAD lib/syslog.o
LOAD mm/main.o
LOAD mm/forkexit.o
LOAD mm/exec.o
LOAD fs/main.o
LOAD fs/open.o
LOAD fs/misc.o
LOAD fs/read_write.o
LOAD fs/link.o
LOAD fs/disklog.o
LOAD kernel/check.o
LOAD lib/orangescrt.a
                [!provide]                        PROVIDE (__executable_start, 0x8048000)
                0x0000000008048094                . = (0x8048000 + SIZEOF_HEADERS)

.interp
 *(.interp)

.note.gnu.build-id
 *(.note.gnu.build-id)

.hash
 *(.hash)

.gnu.hash
 *(.gnu.hash)

.dynsym
 *(.dynsym)

.dynstr
 *(.dynstr)

.gnu.version
 *(.gnu.version)

.gnu.version_d
 *(.gnu.version_d)

.gnu.version_r
 *(.gnu.version_r)

.rel.dyn        0x0000000008048094        0x0
 *(.rel.init)
 *(.rel.text .rel.text.* .rel.gnu.linkonce.t.*)
 .rel.text      0x0000000008048094        0x0 kernel/kernel.o
 *(.rel.fini)
 *(.rel.rodata .rel.rodata.* .rel.gnu.linkonce.r.*)
 *(.rel.data.rel.ro .rel.data.rel.ro.* .rel.gnu.linkonce.d.rel.ro.*)
 *(.rel.data .rel.data.* .rel.gnu.linkonce.d.*)
 .rel.data      0x0000000008048094        0x0 kernel/kernel.o
 *(.rel.tdata .rel.tdata.* .rel.gnu.linkonce.td.*)
 *(.rel.tbss .rel.tbss.* .rel.gnu.linkonce.tb.*)
 *(.rel.ctors)
 *(.rel.dtors)
 *(.rel.got)
 *(.rel.bss .rel.bss.* .rel.gnu.linkonce.b.*)
 *(.rel.ifunc)

.rel.plt        0x0000000008048094        0x0
 *(.rel.plt)
                [!provide]                        PROVIDE (__rel_iplt_start, .)
 *(.rel.iplt)
 .rel.iplt      0x0000000008048094        0x0 kernel/kernel.o
                [!provide]                        PROVIDE (__rel_iplt_end, .)

.init
 *(SORT(.init))

.plt            0x00000000080480a0        0x0
 *(.plt)
 *(.iplt)
 .iplt          0x00000000080480a0        0x0 kernel/kernel.o

.plt.got
 *(.plt.got)

.text           0x0000000000001000     0xc148
 *(.text.unlikely .text.*_unlikely .text.unlikely.*)
 *(.text.exit .text.exit.*)
 *(.text.startup .text.startup.*)
 *(.text.hot .text.hot.*)
 *(.text .stub .text.* .gnu.linkonce.t.*)
 .text          0x0000000000001000      0x413 kernel/kernel.o
                0x0000000000001000                _start
                0x0000000000001040                hwint00
                0x0000000000001070                hwint01
                0x00000000000010a0                hwint02
                0x00000000000010d0                hwint03
                0x0000000000001100                hwint04
                0x0000000000001130                hwint05
                0x0000000000001160                hwint06
                0x0000000000001190                hwint07
                0x00000000000011c0                hwint08
                0x00000000000011f0                hwint09
                0x0000000000001220                hwint10
                0x0000000000001250                hwint11
                0x0000000000001280                hwint12
                0x00000000000012b0                hwint13
                0x00000000000012e0                hwint14
                0x0000000000001310                hwint15
                0x0000000000001334                divide_error
                0x000000000000133a                single_step_exception
                0x0000000000001340                nmi
                0x0000000000001346                breakpoint_exception
                0x000000000000134c                overflow
                0x0000000000001352                bounds_check
                0x0000000000001358                inval_opcode
                0x000000000000135e                copr_not_available
                0x0000000000001364                double_fault
                0x0000000000001368                copr_seg_overrun
                0x000000000000136e                inval_tss
                0x0000000000001372                segment_not_present
                0x0000000000001376                stack_exception
                0x000000000000137a                general_protection
                0x000000000000137e                page_fault
                0x0000000000001382                copr_error
                0x00000000000013ce                sys_call
                0x00000000000013ee                restart
 .text          0x0000000000001413       0x95 kernel/start.o
                0x0000000000001413                cstart
 .text          0x00000000000014a8      0xab7 kernel/main.o
                0x00000000000014a8                kernel_main
                0x00000000000017c3                get_ticks
                0x00000000000017f7                untar
                0x00000000000019b5                shabby_shell
                0x0000000000001d9a                Init
                0x0000000000001f07                TestA
                0x0000000000001f0c                TestB
                0x0000000000001f11                TestC
                0x0000000000001f16                panic
 .text          0x0000000000001f5f      0x10d kernel/clock.o
                0x0000000000001f5f                clock_handler
                0x0000000000001fda                milli_delay
                0x0000000000002014                init_clock
 .text          0x000000000000206c      0x6da kernel/keyboard.o
                0x000000000000206c                keyboard_handler
                0x00000000000020d6                init_keyboard
                0x0000000000002185                keyboard_read
 .text          0x0000000000002746      0xa4a kernel/tty.o
                0x0000000000002746                task_tty
                0x0000000000002937                in_process
                0x0000000000002e90                sys_printx
                0x000000000000302f                dump_tty_buf
 .text          0x0000000000003190      0x7d7 kernel/console.o
                0x0000000000003190                init_screen
                0x0000000000003304                out_char
                0x00000000000035e1                is_current_console
                0x00000000000036d4                select_console
                0x0000000000003714                scroll_screen
 .text          0x0000000000003967      0x130 kernel/i8259.o
                0x0000000000003967                init_8259A
                0x0000000000003a3c                spurious_irq
                0x0000000000003a73                put_irq_handler
 .text          0x0000000000003a97        0x0 kernel/global.o
 .text          0x0000000000003a97      0x65f kernel/protect.o
                0x0000000000003a97                init_prot
                0x0000000000003eff                seg2linear
                0x0000000000003f4e                init_desc
                0x0000000000003fbb                exception_handler
 .text          0x00000000000040f6     0x15ff kernel/proc.o
                0x00000000000040f6                schedule
                0x0000000000004182                sys_sendrec
                0x00000000000042a2                ldt_seg_linear
                0x00000000000042ec                va2la
                0x000000000000434d                reset_msg
                0x000000000000513c                inform_int
                0x00000000000052ac                dump_proc
                0x00000000000055e8                dump_msg
 .text          0x00000000000056f5      0x2bc kernel/systask.o
                0x00000000000056f5                task_sys
 .text          0x00000000000059b1      0xe1f kernel/hd.o
                0x00000000000059b1                task_hd
                0x00000000000067a5                hd_handler
 .text          0x00000000000067d0      0x19a kernel/kliba.o
                0x00000000000067d0                disp_str
                0x000000000000680e                disp_color_str
                0x000000000000684d                out_byte
                0x0000000000006859                in_byte
                0x0000000000006863                port_read
                0x0000000000006876                port_write
                0x0000000000006889                disable_irq
                0x00000000000068be                enable_irq
                0x00000000000068dd                disable_int
                0x00000000000068df                enable_int
                0x00000000000068e1                glitter
 .text          0x000000000000696a      0x2af kernel/klib.o
                0x000000000000696a                get_boot_params
                0x00000000000069f0                get_kernel_map
                0x0000000000006b00                itoa
                0x0000000000006bab                disp_int
                0x0000000000006bd2                delay
 .text          0x0000000000006c19       0x6f lib/syslog.o
                0x0000000000006c19                syslog
 .text          0x0000000000006c88      0x1bc mm/main.o
                0x0000000000006c88                task_mm
                0x0000000000006dbf                alloc_mem
                0x0000000000006e3a                free_mem
 .text          0x0000000000006e44      0x5c0 mm/forkexit.o
                0x0000000000006e44                do_fork
                0x0000000000007185                do_exit
                0x000000000000734e                do_wait
 .text          0x0000000000007404      0x356 mm/exec.o
                0x0000000000007404                do_exec
 .text          0x000000000000775a     0x109c fs/main.o
                0x000000000000775a                task_fs
                0x00000000000081db                rw_sector
                0x00000000000083fe                get_super_block
                0x0000000000008444                get_inode
                0x00000000000085a7                put_inode
                0x00000000000085e5                sync_inode
 .text          0x00000000000087f6      0xaa6 fs/open.o
                0x00000000000087f6                do_open
                0x0000000000008c38                do_close
                0x0000000000008cb3                do_lseek
 .text          0x000000000000929c      0x3b2 fs/misc.o
                0x000000000000929c                do_stat
                0x000000000000946d                search_file
                0x00000000000095c3                strip_path
 .text          0x000000000000964e      0x49a fs/read_write.o
                0x000000000000964e                do_rdwt
 .text          0x0000000000009ae8      0x808 fs/link.o
                0x0000000000009ae8                do_unlink
 .text          0x000000000000a2f0     0x1fb8 fs/disklog.o
                0x000000000000a2f0                disklog
                0x000000000000a85d                dump_fd_graph
 .text          0x000000000000c2a8      0x31b kernel/check.o
                0x000000000000c2a8                proc_parity_check
                0x000000000000c422                parity_check
                0x000000000000c49f                open_check
 .text          0x000000000000c5c3       0xad lib/orangescrt.a(printf.o)
                0x000000000000c5c3                printf
                0x000000000000c62e                printl
 .text          0x000000000000c670      0x305 lib/orangescrt.a(vsprintf.o)
                0x000000000000c6ce                vsprintf
                0x000000000000c94f                sprintf
 *fill*         0x000000000000c975        0xb 
 .text          0x000000000000c980       0x78 lib/orangescrt.a(string.o)
                0x000000000000c980                memcpy
                0x000000000000c9a9                memset
                0x000000000000c9ca                strcpy
                0x000000000000c9e2                strlen
 .text          0x000000000000c9f8      0x256 lib/orangescrt.a(misc.o)
                0x000000000000c9f8                send_recv
                0x000000000000cab2                memcmp
                0x000000000000cb28                strcmp
                0x000000000000cb9b                strcat
                0x000000000000cbfa                spin
                0x000000000000cc15                assertion_failure
 .text          0x000000000000cc4e       0x63 lib/orangescrt.a(open.o)
                0x000000000000cc4e                open
 .text          0x000000000000ccb1       0x37 lib/orangescrt.a(read.o)
                0x000000000000ccb1                read
 .text          0x000000000000cce8       0x37 lib/orangescrt.a(write.o)
                0x000000000000cce8                write
 .text          0x000000000000cd1f       0x2b lib/orangescrt.a(close.o)
                0x000000000000cd1f                close
 .text          0x000000000000cd4a       0x46 lib/orangescrt.a(getpid.o)
                0x000000000000cd4a                getpid
 .text          0x000000000000cd90       0x63 lib/orangescrt.a(stat.o)
                0x000000000000cd90                stat
 .text          0x000000000000cdf3       0x66 lib/orangescrt.a(fork.o)
                0x000000000000cdf3                fork
 .text          0x000000000000ce59       0x4a lib/orangescrt.a(exit.o)
                0x000000000000ce59                exit
 .text          0x000000000000cea3       0x3c lib/orangescrt.a(wait.o)
                0x000000000000cea3                wait
 .text          0x000000000000cedf      0x237 lib/orangescrt.a(exec.o)
                0x000000000000cedf                exec
                0x000000000000cf4a                execl
                0x000000000000cf6f                execv
 *fill*         0x000000000000d116        0xa 
 .text          0x000000000000d120       0x28 lib/orangescrt.a(syscall.o)
                0x000000000000d120                sendrec
                0x000000000000d13a                printx
 *(.gnu.warning)

.fini
 *(SORT(.fini))
                [!provide]                        PROVIDE (__etext, .)
                [!provide]                        PROVIDE (_etext, .)
                [!provide]                        PROVIDE (etext, .)

.rodata         0x000000000000d160     0x26cf
 *(.rodata .rodata.* .gnu.linkonce.r.*)
 .rodata        0x000000000000d160       0x47 kernel/start.o
 *fill*         0x000000000000d1a7        0x1 
 .rodata        0x000000000000d1a8      0x1ac kernel/main.o
 .rodata        0x000000000000d354       0x64 kernel/keyboard.o
 .rodata        0x000000000000d3b8      0x168 kernel/tty.o
 .rodata        0x000000000000d520       0x5b kernel/console.o
 .rodata        0x000000000000d57b       0x11 kernel/i8259.o
 .rodata        0x000000000000d58c       0x10 kernel/global.o
                0x000000000000d58c                FSBUF_SIZE
                0x000000000000d590                MMBUF_SIZE
                0x000000000000d594                LOGBUF_SIZE
                0x000000000000d598                LOGDISKBUF_SIZE
 *fill*         0x000000000000d59c        0x4 
 .rodata        0x000000000000d5a0      0x580 kernel/protect.o
 .rodata        0x000000000000db20      0x5da kernel/proc.o
 .rodata        0x000000000000e0fa       0x11 kernel/systask.o
 *fill*         0x000000000000e10b        0x1 
 .rodata        0x000000000000e10c      0x1df kernel/hd.o
 *fill*         0x000000000000e2eb        0x1 
 .rodata        0x000000000000e2ec       0x6a kernel/klib.o
 .rodata        0x000000000000e356       0x1e lib/syslog.o
 .rodata        0x000000000000e374       0xb1 mm/main.o
 *fill*         0x000000000000e425        0x3 
 .rodata        0x000000000000e428       0xe7 mm/forkexit.o
 *fill*         0x000000000000e50f        0x1 
 .rodata        0x000000000000e510       0xa4 mm/exec.o
 .rodata        0x000000000000e5b4      0x2b6 fs/main.o
 *fill*         0x000000000000e86a        0x2 
 .rodata        0x000000000000e86c      0x13c fs/open.o
 .rodata        0x000000000000e9a8       0x60 fs/misc.o
 .rodata        0x000000000000ea08      0x164 fs/read_write.o
 .rodata        0x000000000000eb6c      0x1ad fs/link.o
 *fill*         0x000000000000ed19        0x3 
 .rodata        0x000000000000ed1c      0x806 fs/disklog.o
 *fill*         0x000000000000f522        0x2 
 .rodata        0x000000000000f524       0xfe kernel/check.o
 .rodata        0x000000000000f622       0x14 lib/orangescrt.a(printf.o)
 *fill*         0x000000000000f636        0x2 
 .rodata        0x000000000000f638       0xad lib/orangescrt.a(misc.o)
 .rodata        0x000000000000f6e5       0x23 lib/orangescrt.a(open.o)
 .rodata        0x000000000000f708       0x25 lib/orangescrt.a(getpid.o)
 .rodata        0x000000000000f72d       0x23 lib/orangescrt.a(stat.o)
 .rodata        0x000000000000f750       0x33 lib/orangescrt.a(fork.o)
 .rodata        0x000000000000f783       0x23 lib/orangescrt.a(exit.o)
 *fill*         0x000000000000f7a6        0x2 
 .rodata        0x000000000000f7a8       0x87 lib/orangescrt.a(exec.o)

.rodata1
 *(.rodata1)

.eh_frame_hdr
 *(.eh_frame_hdr)
 *(.eh_frame_entry .eh_frame_entry.*)

.eh_frame       0x000000000000f830     0x12fc
 *(.eh_frame)
 .eh_frame      0x000000000000f830       0x38 kernel/start.o
 .eh_frame      0x000000000000f868      0x108 kernel/main.o
                                        0x120 (size before relaxing)
 .eh_frame      0x000000000000f970       0x60 kernel/clock.o
                                         0x78 (size before relaxing)
 .eh_frame      0x000000000000f9d0       0xe0 kernel/keyboard.o
                                         0xf8 (size before relaxing)
 .eh_frame      0x000000000000fab0      0x13c kernel/tty.o
                                        0x154 (size before relaxing)
 .eh_frame      0x000000000000fbec      0x144 kernel/console.o
                                        0x15c (size before relaxing)
 .eh_frame      0x000000000000fd30       0x60 kernel/i8259.o
                                         0x78 (size before relaxing)
 .eh_frame      0x000000000000fd90       0xb0 kernel/protect.o
                                         0xc8 (size before relaxing)
 .eh_frame      0x000000000000fe40      0x1b8 kernel/proc.o
                                        0x1d0 (size before relaxing)
 .eh_frame      0x000000000000fff8       0x5c kernel/systask.o
                                         0x74 (size before relaxing)
 .eh_frame      0x0000000000010054      0x1f0 kernel/hd.o
                                        0x208 (size before relaxing)
 .eh_frame      0x0000000000010244       0xa0 kernel/klib.o
                                         0xb8 (size before relaxing)
 .eh_frame      0x00000000000102e4       0x20 lib/syslog.o
                                         0x38 (size before relaxing)
 .eh_frame      0x0000000000010304       0x7c mm/main.o
                                         0x94 (size before relaxing)
 .eh_frame      0x0000000000010380       0x90 mm/forkexit.o
                                         0xa8 (size before relaxing)
 .eh_frame      0x0000000000010410       0x2c mm/exec.o
                                         0x44 (size before relaxing)
 .eh_frame      0x000000000001043c      0x170 fs/main.o
                                        0x188 (size before relaxing)
 .eh_frame      0x00000000000105ac      0x120 fs/open.o
                                        0x138 (size before relaxing)
 .eh_frame      0x00000000000106cc       0x68 fs/misc.o
                                         0x80 (size before relaxing)
 .eh_frame      0x0000000000010734       0x2c fs/read_write.o
                                         0x44 (size before relaxing)
 .eh_frame      0x0000000000010760       0x2c fs/link.o
                                         0x44 (size before relaxing)
 .eh_frame      0x000000000001078c       0x60 fs/disklog.o
                                         0x78 (size before relaxing)
 .eh_frame      0x00000000000107ec       0x64 kernel/check.o
                                         0x7c (size before relaxing)
 .eh_frame      0x0000000000010850       0x40 lib/orangescrt.a(printf.o)
                                         0x58 (size before relaxing)
 .eh_frame      0x0000000000010890       0x60 lib/orangescrt.a(vsprintf.o)
                                         0x78 (size before relaxing)
 .eh_frame      0x00000000000108f0       0xbc lib/orangescrt.a(misc.o)
                                         0xd4 (size before relaxing)
 .eh_frame      0x00000000000109ac       0x20 lib/orangescrt.a(open.o)
                                         0x38 (size before relaxing)
 .eh_frame      0x00000000000109cc       0x20 lib/orangescrt.a(read.o)
                                         0x38 (size before relaxing)
 .eh_frame      0x00000000000109ec       0x20 lib/orangescrt.a(write.o)
                                         0x38 (size before relaxing)
 .eh_frame      0x0000000000010a0c       0x20 lib/orangescrt.a(close.o)
                                         0x38 (size before relaxing)
 .eh_frame      0x0000000000010a2c       0x20 lib/orangescrt.a(getpid.o)
                                         0x38 (size before relaxing)
 .eh_frame      0x0000000000010a4c       0x20 lib/orangescrt.a(stat.o)
                                         0x38 (size before relaxing)
 .eh_frame      0x0000000000010a6c       0x20 lib/orangescrt.a(fork.o)
                                         0x38 (size before relaxing)
 .eh_frame      0x0000000000010a8c       0x20 lib/orangescrt.a(exit.o)
                                         0x38 (size before relaxing)
 .eh_frame      0x0000000000010aac       0x20 lib/orangescrt.a(wait.o)
                                         0x38 (size before relaxing)
 .eh_frame      0x0000000000010acc       0x60 lib/orangescrt.a(exec.o)
                                         0x78 (size before relaxing)
 *(.eh_frame.*)

.gcc_except_table
 *(.gcc_except_table .gcc_except_table.*)

.gnu_extab
 *(.gnu_extab*)

.exception_ranges
 *(.exception_ranges .exception_ranges*)
                0x0000000000011000                . = DATA_SEGMENT_ALIGN (0x1000, 0x1000)

.eh_frame
 *(.eh_frame)
 *(.eh_frame.*)

.gnu_extab
 *(.gnu_extab)

.gcc_except_table
 *(.gcc_except_table .gcc_except_table.*)

.exception_ranges
 *(.exception_ranges .exception_ranges*)

.tdata
 *(.tdata .tdata.* .gnu.linkonce.td.*)

.tbss
 *(.tbss .tbss.* .gnu.linkonce.tb.*)
 *(.tcommon)

.preinit_array  0x0000000000011000        0x0
                [!provide]                        PROVIDE (__preinit_array_start, .)
 *(.preinit_array)
                [!provide]                        PROVIDE (__preinit_array_end, .)

.init_array     0x0000000000011000        0x0
                [!provide]                        PROVIDE (__init_array_start, .)
 *(SORT(.init_array.*) SORT(.ctors.*))
 *(.init_array EXCLUDE_FILE(*crtend?.o *crtend.o *crtbegin?.o *crtbegin.o) .ctors)
                [!provide]                        PROVIDE (__init_array_end, .)

.fini_array     0x0000000000011000        0x0
                [!provide]                        PROVIDE (__fini_array_start, .)
 *(SORT(.fini_array.*) SORT(.dtors.*))
 *(.fini_array EXCLUDE_FILE(*crtend?.o *crtend.o *crtbegin?.o *crtbegin.o) .dtors)
                [!provide]                        PROVIDE (__fini_array_end, .)

.ctors
 *crtbegin.o(.ctors)
 *crtbegin?.o(.ctors)
 *(EXCLUDE_FILE(*crtend?.o *crtend.o) .ctors)
 *(SORT(.ctors.*))
 *(.ctors)

.dtors
 *crtbegin.o(.dtors)
 *crtbegin?.o(.dtors)
 *(EXCLUDE_FILE(*crtend?.o *crtend.o) .dtors)
 *(SORT(.dtors.*))
 *(.dtors)

.jcr
 *(.jcr)

.data.rel.ro
 *(.data.rel.ro.local* .gnu.linkonce.d.rel.ro.local.*)
 *(.data.rel.ro .data.rel.ro.* .gnu.linkonce.d.rel.ro.*)

.dynamic
 *(.dynamic)

.got
 *(.got)
 *(.igot)
                0x0000000000011000                . = DATA_SEGMENT_RELRO_END (., (SIZEOF (.got.plt) >= 0xc)?0xc:0x0)

.got.plt        0x0000000000011000        0x0
 *(.got.plt)
 *(.igot.plt)
 .igot.plt      0x0000000000011000        0x0 kernel/kernel.o

.data           0x0000000000011000      0x814
 *(.data .data.* .gnu.linkonce.d.*)
 .data          0x0000000000011000        0x2 kernel/kernel.o
 .data          0x0000000000011002        0x0 kernel/start.o
 .data          0x0000000000011002        0x0 kernel/main.o
 .data          0x0000000000011002        0x0 kernel/clock.o
 *fill*         0x0000000000011002       0x1e 
 .data          0x0000000000011020      0x600 kernel/keyboard.o
                0x0000000000011020                keymap
 .data          0x0000000000011620       0x22 kernel/tty.o
 .data          0x0000000000011642        0x0 kernel/console.o
 .data          0x0000000000011642        0x0 kernel/i8259.o
 *fill*         0x0000000000011642       0x1e 
 .data          0x0000000000011660      0x1b4 kernel/global.o
                0x0000000000011660                task_table
                0x0000000000011740                user_proc_table
                0x00000000000117e0                sys_call_table
                0x00000000000117ec                dd_map
                0x0000000000011804                fsbuf
                0x0000000000011808                mmbuf
                0x000000000001180c                logbuf
                0x0000000000011810                logdiskbuf
 .data          0x0000000000011814        0x0 kernel/protect.o
 .data          0x0000000000011814        0x0 kernel/proc.o
 .data          0x0000000000011814        0x0 kernel/systask.o
 .data          0x0000000000011814        0x0 kernel/hd.o
 .data          0x0000000000011814        0x0 kernel/klib.o
 .data          0x0000000000011814        0x0 lib/syslog.o
 .data          0x0000000000011814        0x0 mm/main.o
 .data          0x0000000000011814        0x0 mm/forkexit.o
 .data          0x0000000000011814        0x0 mm/exec.o
 .data          0x0000000000011814        0x0 fs/main.o
 .data          0x0000000000011814        0x0 fs/open.o
 .data          0x0000000000011814        0x0 fs/misc.o
 .data          0x0000000000011814        0x0 fs/read_write.o
 .data          0x0000000000011814        0x0 fs/link.o
 .data          0x0000000000011814        0x0 fs/disklog.o
 .data          0x0000000000011814        0x0 kernel/check.o
 .data          0x0000000000011814        0x0 lib/orangescrt.a(printf.o)
 .data          0x0000000000011814        0x0 lib/orangescrt.a(vsprintf.o)
 .data          0x0000000000011814        0x0 lib/orangescrt.a(misc.o)
 .data          0x0000000000011814        0x0 lib/orangescrt.a(open.o)
 .data          0x0000000000011814        0x0 lib/orangescrt.a(read.o)
 .data          0x0000000000011814        0x0 lib/orangescrt.a(write.o)
 .data          0x0000000000011814        0x0 lib/orangescrt.a(close.o)
 .data          0x0000000000011814        0x0 lib/orangescrt.a(getpid.o)
 .data          0x0000000000011814        0x0 lib/orangescrt.a(stat.o)
 .data          0x0000000000011814        0x0 lib/orangescrt.a(fork.o)
 .data          0x0000000000011814        0x0 lib/orangescrt.a(exit.o)
 .data          0x0000000000011814        0x0 lib/orangescrt.a(wait.o)
 .data          0x0000000000011814        0x0 lib/orangescrt.a(exec.o)

.data1
 *(.data1)
                0x0000000000011814                _edata = .
                [!provide]                        PROVIDE (edata, .)
                0x0000000000011814                . = .
                0x0000000000011814                __bss_start = .

.bss            0x0000000000011820    0x2b788
 *(.dynbss)
 *(.bss .bss.* .gnu.linkonce.b.*)
 .bss           0x0000000000011820      0x800 kernel/kernel.o
 .bss           0x0000000000012020        0x0 kernel/start.o
 .bss           0x0000000000012020        0x0 kernel/main.o
 .bss           0x0000000000012020        0x0 kernel/clock.o
 .bss           0x0000000000012020       0x58 kernel/keyboard.o
 .bss           0x0000000000012078        0x0 kernel/tty.o
 .bss           0x0000000000012078        0x0 kernel/console.o
 .bss           0x0000000000012078        0x0 kernel/i8259.o
 .bss           0x0000000000012078        0x0 kernel/global.o
 .bss           0x0000000000012078        0x0 kernel/protect.o
 .bss           0x0000000000012078        0x0 kernel/proc.o
 .bss           0x0000000000012078        0x0 kernel/systask.o
 *fill*         0x0000000000012078        0x8 
 .bss           0x0000000000012080      0x64c kernel/hd.o
 .bss           0x00000000000126cc        0x0 kernel/klib.o
 .bss           0x00000000000126cc        0x0 lib/syslog.o
 .bss           0x00000000000126cc        0x0 mm/main.o
 .bss           0x00000000000126cc        0x0 mm/forkexit.o
 .bss           0x00000000000126cc        0x0 mm/exec.o
 .bss           0x00000000000126cc        0x0 fs/main.o
 .bss           0x00000000000126cc        0x0 fs/open.o
 .bss           0x00000000000126cc        0x0 fs/misc.o
 .bss           0x00000000000126cc        0x0 fs/read_write.o
 .bss           0x00000000000126cc        0x0 fs/link.o
 *fill*         0x00000000000126cc       0x14 
 .bss           0x00000000000126e0      0x208 fs/disklog.o
 .bss           0x00000000000128e8        0x0 kernel/check.o
 .bss           0x00000000000128e8        0x0 lib/orangescrt.a(printf.o)
 .bss           0x00000000000128e8        0x0 lib/orangescrt.a(vsprintf.o)
 .bss           0x00000000000128e8        0x0 lib/orangescrt.a(misc.o)
 .bss           0x00000000000128e8        0x0 lib/orangescrt.a(open.o)
 .bss           0x00000000000128e8        0x0 lib/orangescrt.a(read.o)
 .bss           0x00000000000128e8        0x0 lib/orangescrt.a(write.o)
 .bss           0x00000000000128e8        0x0 lib/orangescrt.a(close.o)
 .bss           0x00000000000128e8        0x0 lib/orangescrt.a(getpid.o)
 .bss           0x00000000000128e8        0x0 lib/orangescrt.a(stat.o)
 .bss           0x00000000000128e8        0x0 lib/orangescrt.a(fork.o)
 .bss           0x00000000000128e8        0x0 lib/orangescrt.a(exit.o)
 .bss           0x00000000000128e8        0x0 lib/orangescrt.a(wait.o)
 .bss           0x00000000000128e8        0x0 lib/orangescrt.a(exec.o)
 *(COMMON)
 *fill*         0x00000000000128e8       0x18 
 COMMON         0x0000000000012900    0x2a698 kernel/global.o
                0x0000000000012900                idt_ptr
                0x0000000000012920                inode_table
                0x0000000000013420                task_stack
                0x0000000000037420                k_reenter
                0x0000000000037440                gdt
                0x0000000000037840                current_console
                0x0000000000037844                pcaller
                0x0000000000037860                tty_table
                0x00000000000384e0                tss
                0x0000000000038560                fs_msg
                0x0000000000038590                memory_size
                0x00000000000385a0                f_desc_table
                0x00000000000389a0                root_inode
                0x00000000000389a4                disp_pos
                0x00000000000389c0                mm_msg
                0x00000000000389f0                key_pressed
                0x00000000000389f4                gdt_ptr
                0x0000000000038a00                idt
                0x0000000000039200                super_block
                0x00000000000393e0                ticks
                0x0000000000039400                console_table
                0x0000000000039440                irq_table
                0x0000000000039480                p_proc_ready
                0x00000000000394a0                proc_table
 COMMON         0x000000000003cf98       0x10 kernel/hd.o
                0x000000000003cf98                PARTITION_ENTRY
                0x000000000003cfa8                . = ALIGN ((. != 0x0)?0x4:0x1)
                0x000000000003cfa8                . = ALIGN (0x4)
                0x000000000003cfa8                . = SEGMENT_START ("ldata-segment", .)
                0x000000000003cfa8                . = ALIGN (0x4)
                0x000000000003cfa8                _end = .
                [!provide]                        PROVIDE (end, .)
                0x000000000003cfa8                . = DATA_SEGMENT_END (.)

.stab
 *(.stab)

.stabstr
 *(.stabstr)

.stab.excl
 *(.stab.excl)

.stab.exclstr
 *(.stab.exclstr)

.stab.index
 *(.stab.index)

.stab.indexstr
 *(.stab.indexstr)

.comment        0x0000000000000000       0x35
 *(.comment)
 .comment       0x0000000000000000       0x35 kernel/start.o
                                         0x36 (size before relaxing)
 .comment       0x0000000000000035       0x36 kernel/main.o
 .comment       0x0000000000000035       0x36 kernel/clock.o
 .comment       0x0000000000000035       0x36 kernel/keyboard.o
 .comment       0x0000000000000035       0x36 kernel/tty.o
 .comment       0x0000000000000035       0x36 kernel/console.o
 .comment       0x0000000000000035       0x36 kernel/i8259.o
 .comment       0x0000000000000035       0x36 kernel/global.o
 .comment       0x0000000000000035       0x36 kernel/protect.o
 .comment       0x0000000000000035       0x36 kernel/proc.o
 .comment       0x0000000000000035       0x36 kernel/systask.o
 .comment       0x0000000000000035       0x36 kernel/hd.o
 .comment       0x0000000000000035       0x36 kernel/klib.o
 .comment       0x0000000000000035       0x36 lib/syslog.o
 .comment       0x0000000000000035       0x36 mm/main.o
 .comment       0x0000000000000035       0x36 mm/forkexit.o
 .comment       0x0000000000000035       0x36 mm/exec.o
 .comment       0x0000000000000035       0x36 fs/main.o
 .comment       0x0000000000000035       0x36 fs/open.o
 .comment       0x0000000000000035       0x36 fs/misc.o
 .comment       0x0000000000000035       0x36 fs/read_write.o
 .comment       0x0000000000000035       0x36 fs/link.o
 .comment       0x0000000000000035       0x36 fs/disklog.o
 .comment       0x0000000000000035       0x36 kernel/check.o
 .comment       0x0000000000000035       0x36 lib/orangescrt.a(printf.o)
 .comment       0x0000000000000035       0x36 lib/orangescrt.a(vsprintf.o)
 .comment       0x0000000000000035       0x36 lib/orangescrt.a(misc.o)
 .comment       0x0000000000000035       0x36 lib/orangescrt.a(open.o)
 .comment       0x0000000000000035       0x36 lib/orangescrt.a(read.o)
 .comment       0x0000000000000035       0x36 lib/orangescrt.a(write.o)
 .comment       0x0000000000000035       0x36 lib/orangescrt.a(close.o)
 .comment       0x0000000000000035       0x36 lib/orangescrt.a(getpid.o)
 .comment       0x0000000000000035       0x36 lib/orangescrt.a(stat.o)
 .comment       0x0000000000000035       0x36 lib/orangescrt.a(fork.o)
 .comment       0x0000000000000035       0x36 lib/orangescrt.a(exit.o)
 .comment       0x0000000000000035       0x36 lib/orangescrt.a(wait.o)
 .comment       0x0000000000000035       0x36 lib/orangescrt.a(exec.o)

.debug
 *(.debug)

.line
 *(.line)

.debug_srcinfo
 *(.debug_srcinfo)

.debug_sfnames
 *(.debug_sfnames)

.debug_aranges
 *(.debug_aranges)

.debug_pubnames
 *(.debug_pubnames)

.debug_info
 *(.debug_info .gnu.linkonce.wi.*)

.debug_abbrev
 *(.debug_abbrev)

.debug_line
 *(.debug_line .debug_line.* .debug_line_end)

.debug_frame
 *(.debug_frame)

.debug_str
 *(.debug_str)

.debug_loc
 *(.debug_loc)

.debug_macinfo
 *(.debug_macinfo)

.debug_weaknames
 *(.debug_weaknames)

.debug_funcnames
 *(.debug_funcnames)

.debug_typenames
 *(.debug_typenames)

.debug_varnames
 *(.debug_varnames)

.debug_pubtypes
 *(.debug_pubtypes)

.debug_ranges
 *(.debug_ranges)

.debug_macro
 *(.debug_macro)

.gnu.attributes
 *(.gnu.attributes)

/DISCARD/
 *(.note.GNU-stack)
 *(.gnu_debuglink)
 *(.gnu.lto_*)
OUTPUT(kernel.bin elf32-i386)
